#
# There is insufficient memory for the Java Runtime Environment to continue.
# Native memory allocation (mmap) failed to map 213909504 bytes for G1 virtual space
# Possible reasons:
#   The system is out of physical RAM or swap space
#   The process is running with CompressedOops enabled, and the Java Heap may be blocking the growth of the native heap
# Possible solutions:
#   Reduce memory load on the system
#   Increase physical memory or swap space
#   Check if swap backing store is full
#   Decrease Java heap size (-Xmx/-Xms)
#   Decrease number of Java threads
#   Decrease Java thread stack sizes (-Xss)
#   Set larger code cache with -XX:ReservedCodeCacheSize=
#   JVM is running with Zero Based Compressed Oops mode in which the Java heap is
#     placed in the first 32GB address space. The Java Heap base address is the
#     maximum limit for the native heap growth. Please use -XX:HeapBaseMinAddress
#     to set the Java Heap base and to place the Java Heap above 32GB virtual address.
# This output file may be truncated or incomplete.
#
#  Out of Memory Error (os_windows.cpp:3548), pid=11896, tid=15888
#
# JRE version: Java(TM) SE Runtime Environment (17.0.12+8) (build 17.0.12+8-LTS-286)
# Java VM: Java HotSpot(TM) 64-Bit Server VM (17.0.12+8-LTS-286, mixed mode, sharing, tiered, compressed oops, compressed class ptrs, g1 gc, windows-amd64)
# No core dump will be written. Minidumps are not enabled by default on client versions of Windows
#

---------------  S U M M A R Y ------------

Command Line: --add-opens=java.base/java.lang=ALL-UNNAMED --add-opens=java.base/java.lang.invoke=ALL-UNNAMED --add-opens=java.base/java.util=ALL-UNNAMED --add-opens=java.prefs/java.util.prefs=ALL-UNNAMED --add-exports=jdk.compiler/com.sun.tools.javac.api=ALL-UNNAMED --add-exports=jdk.compiler/com.sun.tools.javac.util=ALL-UNNAMED --add-opens=java.base/java.util=ALL-UNNAMED --add-opens=java.prefs/java.util.prefs=ALL-UNNAMED --add-opens=java.base/java.nio.charset=ALL-UNNAMED --add-opens=java.base/java.net=ALL-UNNAMED --add-opens=java.base/java.util.concurrent=ALL-UNNAMED --add-opens=java.base/java.util.concurrent.atomic=ALL-UNNAMED --add-opens=java.xml/javax.xml.namespace=ALL-UNNAMED --add-opens=java.base/java.time=ALL-UNNAMED -Xmx4g -Dfile.encoding=UTF-8 -Duser.country=CN -Duser.language=zh -Duser.variant -javaagent:C:\Users\CCCccc\.gradle\wrapper\dists\gradle-9.3.1-bin\23ovyewtku6u96viwx3xl3oks\gradle-9.3.1\lib\agents\gradle-instrumentation-agent-9.3.1.jar org.gradle.launcher.daemon.bootstrap.GradleDaemon 9.3.1

Host: Intel(R) Core(TM) i7-10510U CPU @ 1.80GHz, 8 cores, 7G,  Windows 10 , 64 bit Build 19041 (10.0.19041.4842)
Time: Tue Oct  6 06:52:18 2026  Windows 10 , 64 bit Build 19041 (10.0.19041.4842) elapsed time: 52.002817 seconds (0d 0h 0m 52s)

---------------  T H R E A D  ---------------

Current thread (0x0000025f4f9c1080):  VMThread "VM Thread" [stack: 0x000000b291900000,0x000000b291a00000] [id=15888]

Stack: [0x000000b291900000,0x000000b291a00000]
Native frames: (J=compiled Java code, j=interpreted, Vv=VM code, C=native code)
V  [jvm.dll+0x67a04a]
V  [jvm.dll+0x7da4ed]
V  [jvm.dll+0x7dbe33]
V  [jvm.dll+0x7dc4a3]
V  [jvm.dll+0x24508f]
V  [jvm.dll+0x677089]
V  [jvm.dll+0x66bd32]
V  [jvm.dll+0x301fa6]
V  [jvm.dll+0x309546]
V  [jvm.dll+0x359d2e]
V  [jvm.dll+0x359f5f]
V  [jvm.dll+0x2d9078]
V  [jvm.dll+0x2d74ad]
V  [jvm.dll+0x2d6afc]
V  [jvm.dll+0x31a65b]
V  [jvm.dll+0x7e0d9b]
V  [jvm.dll+0x7e1ad4]
V  [jvm.dll+0x7e1fed]
V  [jvm.dll+0x7e23c4]
V  [jvm.dll+0x7e2490]
V  [jvm.dll+0x78abea]
V  [jvm.dll+0x678f35]
C  [ucrtbase.dll+0x21bb2]
C  [KERNEL32.DLL+0x17374]
C  [ntdll.dll+0x4cc91]

VM_Operation (0x000000b2933f1c50): G1CollectForAllocation, mode: safepoint, requested by thread 0x0000025f96ff5380


---------------  P R O C E S S  ---------------

Threads class SMR info:
_java_thread_list=0x0000025fb42915f0, length=39, elements={
0x0000025f2cb99df0, 0x0000025f4f9c8e50, 0x0000025f4f9c9920, 0x0000025f4f9f0fd0,
0x0000025f4f9e18b0, 0x0000025f4f9e4190, 0x0000025f4f9e4a60, 0x0000025f4f9e5710,
0x0000025f4f9e60d0, 0x0000025f4f9e69e0, 0x0000025f4f9b1230, 0x0000025f4fbddf90,
0x0000025f967ceaa0, 0x0000025f968cd5c0, 0x0000025f967fd3a0, 0x0000025f96d0f700,
0x0000025f96d0c830, 0x0000025f96ff5da0, 0x0000025f96ff5380, 0x0000025f96ff3520,
0x0000025f96ff25f0, 0x0000025f96ff5890, 0x0000025f96ff4e70, 0x0000025f96ff4960,
0x0000025f96ff2b00, 0x0000025f96ff3010, 0x0000025f96ff3a30, 0x0000025f96ff3f40,
0x0000025f96ff4450, 0x0000025f999aa1d0, 0x0000025f999a97b0, 0x0000025f999a9cc0,
0x0000025f999aa6e0, 0x0000025f999aabf0, 0x0000025f9a6795c0, 0x0000025f98537c10,
0x0000025f9853dc40, 0x0000025f98539a70, 0x0000025f9a67a060
}

Java Threads: ( => current thread )
  0x0000025f2cb99df0 JavaThread "main" [_thread_blocked, id=15552, stack(0x000000b291300000,0x000000b291400000)]
  0x0000025f4f9c8e50 JavaThread "Reference Handler" daemon [_thread_blocked, id=2912, stack(0x000000b291a00000,0x000000b291b00000)]
  0x0000025f4f9c9920 JavaThread "Finalizer" daemon [_thread_blocked, id=3780, stack(0x000000b291b00000,0x000000b291c00000)]
  0x0000025f4f9f0fd0 JavaThread "Signal Dispatcher" daemon [_thread_blocked, id=2648, stack(0x000000b291c00000,0x000000b291d00000)]
  0x0000025f4f9e18b0 JavaThread "Attach Listener" daemon [_thread_blocked, id=11656, stack(0x000000b291d00000,0x000000b291e00000)]
  0x0000025f4f9e4190 JavaThread "Service Thread" daemon [_thread_blocked, id=13892, stack(0x000000b291e00000,0x000000b291f00000)]
  0x0000025f4f9e4a60 JavaThread "Monitor Deflation Thread" daemon [_thread_blocked, id=15564, stack(0x000000b291f00000,0x000000b292000000)]
  0x0000025f4f9e5710 JavaThread "C2 CompilerThread0" daemon [_thread_in_native, id=15608, stack(0x000000b292000000,0x000000b292100000)]
  0x0000025f4f9e60d0 JavaThread "C1 CompilerThread0" daemon [_thread_blocked, id=15572, stack(0x000000b292100000,0x000000b292200000)]
  0x0000025f4f9e69e0 JavaThread "Sweeper thread" daemon [_thread_blocked, id=15560, stack(0x000000b292200000,0x000000b292300000)]
  0x0000025f4f9b1230 JavaThread "Common-Cleaner" daemon [_thread_blocked, id=8328, stack(0x000000b292300000,0x000000b292400000)]
  0x0000025f4fbddf90 JavaThread "Notification Thread" daemon [_thread_blocked, id=3300, stack(0x000000b292400000,0x000000b292500000)]
  0x0000025f967ceaa0 JavaThread "Daemon health stats" [_thread_blocked, id=14148, stack(0x000000b292b00000,0x000000b292c00000)]
  0x0000025f968cd5c0 JavaThread "Incoming local TCP Connector on port 21285" [_thread_in_native, id=17352, stack(0x000000b292f00000,0x000000b293000000)]
  0x0000025f967fd3a0 JavaThread "Daemon periodic checks" [_thread_blocked, id=13928, stack(0x000000b293000000,0x000000b293100000)]
  0x0000025f96d0f700 JavaThread "Daemon" [_thread_blocked, id=3196, stack(0x000000b292e00000,0x000000b292f00000)]
  0x0000025f96d0c830 JavaThread "Handler for socket connection from /127.0.0.1:21285 to /127.0.0.1:21286" [_thread_in_native, id=13212, stack(0x000000b293100000,0x000000b293200000)]
  0x0000025f96ff5da0 JavaThread "Cancel handler" [_thread_blocked, id=15556, stack(0x000000b293200000,0x000000b293300000)]
  0x0000025f96ff5380 JavaThread "Daemon worker" [_thread_blocked, id=16204, stack(0x000000b293300000,0x000000b293400000)]
  0x0000025f96ff3520 JavaThread "Asynchronous log dispatcher for DefaultDaemonConnection: socket connection from /127.0.0.1:21285 to /127.0.0.1:21286" [_thread_blocked, id=10692, stack(0x000000b293400000,0x000000b293500000)]
  0x0000025f96ff25f0 JavaThread "Stdin handler" [_thread_blocked, id=9660, stack(0x000000b293500000,0x000000b293600000)]
  0x0000025f96ff5890 JavaThread "Daemon client event forwarder" [_thread_blocked, id=17288, stack(0x000000b293600000,0x000000b293700000)]
  0x0000025f96ff4e70 JavaThread "Cache worker for journal cache (C:\Users\CCCccc\.gradle\caches\journal-1)" [_thread_blocked, id=17264, stack(0x000000b293800000,0x000000b293900000)]
  0x0000025f96ff4960 JavaThread "File lock request listener" [_thread_in_native, id=16256, stack(0x000000b293900000,0x000000b293a00000)]
  0x0000025f96ff2b00 JavaThread "Cache worker for file hash cache (C:\Users\CCCccc\.gradle\caches\9.3.1\fileHashes)" [_thread_blocked, id=16840, stack(0x000000b293700000,0x000000b293800000)]
  0x0000025f96ff3010 JavaThread "File lock release action executor" [_thread_blocked, id=13768, stack(0x000000b293b00000,0x000000b293c00000)]
  0x0000025f96ff3a30 JavaThread "Cache worker for file hash cache (D:\HAM\YUJINGQI\A_LBJ\233\233Android_RTL_SDR_LBJ_RECEIVER2-feature-lbj-signal-data\.gradle\9.3.1\fileHashes)" [_thread_blocked, id=12696, stack(0x000000b293d00000,0x000000b293e00000)]
  0x0000025f96ff3f40 JavaThread "Cache worker for checksums cache (D:\HAM\YUJINGQI\A_LBJ\233\233Android_RTL_SDR_LBJ_RECEIVER2-feature-lbj-signal-data\.gradle\9.3.1\checksums)" [_thread_blocked, id=17980, stack(0x000000b293f00000,0x000000b294000000)]
  0x0000025f96ff4450 JavaThread "Cache worker for Build Output Cleanup Cache (D:\HAM\YUJINGQI\A_LBJ\233\233Android_RTL_SDR_LBJ_RECEIVER2-feature-lbj-signal-data\.gradle\buildOutputCleanup)" [_thread_blocked, id=16036, stack(0x000000b294000000,0x000000b294100000)]
  0x0000025f999aa1d0 JavaThread "Cache worker for file content cache (C:\Users\CCCccc\.gradle\caches\9.3.1\fileContent)" [_thread_blocked, id=18360, stack(0x000000b293a00000,0x000000b293b00000)]
  0x0000025f999a97b0 JavaThread "File watcher server" daemon [_thread_blocked, id=17552, stack(0x000000b294200000,0x000000b294300000)]
  0x0000025f999a9cc0 JavaThread "File watcher consumer" daemon [_thread_blocked, id=144, stack(0x000000b294300000,0x000000b294400000)]
  0x0000025f999aa6e0 JavaThread "Cache worker for cache directory md-supplier (C:\Users\CCCccc\.gradle\caches\9.3.1\md-supplier)" [_thread_blocked, id=17200, stack(0x000000b294400000,0x000000b294500000)]
  0x0000025f999aabf0 JavaThread "Cache worker for cache directory md-rule (C:\Users\CCCccc\.gradle\caches\9.3.1\md-rule)" [_thread_blocked, id=14860, stack(0x000000b294500000,0x000000b294600000)]
  0x0000025f9a6795c0 JavaThread "C2 CompilerThread1" daemon [_thread_blocked, id=4668, stack(0x000000b293e00000,0x000000b293f00000)]
  0x0000025f98537c10 JavaThread "Unconstrained build operations" [_thread_blocked, id=16564, stack(0x000000b294a00000,0x000000b294b00000)]
  0x0000025f9853dc40 JavaThread "Unconstrained build operations Thread 2" [_thread_blocked, id=11928, stack(0x000000b294b00000,0x000000b294c00000)]
  0x0000025f98539a70 JavaThread "Unconstrained build operations Thread 3" [_thread_blocked, id=3216, stack(0x000000b294c00000,0x000000b294d00000)]
  0x0000025f9a67a060 JavaThread "C2 CompilerThread2" daemon [_thread_in_native, id=11284, stack(0x000000b294600000,0x000000b294700000)]

Other Threads:
=>0x0000025f4f9c1080 VMThread "VM Thread" [stack: 0x000000b291900000,0x000000b291a00000] [id=15888]
  0x0000025f2cc22b50 WatcherThread [stack: 0x000000b292500000,0x000000b292600000] [id=18420]
  0x0000025f2cc04640 GCTaskThread "GC Thread#0" [stack: 0x000000b291400000,0x000000b291500000] [id=15568]
  0x0000025f4fae65a0 GCTaskThread "GC Thread#1" [stack: 0x000000b292600000,0x000000b292700000] [id=7116]
  0x0000025f4faea450 GCTaskThread "GC Thread#2" [stack: 0x000000b292700000,0x000000b292800000] [id=16832]
  0x0000025f9589d640 GCTaskThread "GC Thread#3" [stack: 0x000000b292800000,0x000000b292900000] [id=3512]
  0x0000025f95a11c20 GCTaskThread "GC Thread#4" [stack: 0x000000b292900000,0x000000b292a00000] [id=15312]
  0x0000025f95a683a0 GCTaskThread "GC Thread#5" [stack: 0x000000b292a00000,0x000000b292b00000] [id=15660]
  0x0000025f968cddd0 GCTaskThread "GC Thread#6" [stack: 0x000000b292c00000,0x000000b292d00000] [id=10892]
  0x0000025f95afd030 GCTaskThread "GC Thread#7" [stack: 0x000000b292d00000,0x000000b292e00000] [id=17508]
  0x0000025f2cc16350 ConcurrentGCThread "G1 Main Marker" [stack: 0x000000b291500000,0x000000b291600000] [id=15592]
  0x0000025f2cc172b0 ConcurrentGCThread "G1 Conc#0" [stack: 0x000000b291600000,0x000000b291700000] [id=15488]
  0x0000025f97c042c0 ConcurrentGCThread "G1 Conc#1" [stack: 0x000000b293c00000,0x000000b293d00000] [id=13696]
  0x0000025f4f8804a0 ConcurrentGCThread "G1 Refine#0" [stack: 0x000000b291700000,0x000000b291800000] [id=15612]
  0x0000025f97be3960 ConcurrentGCThread "G1 Refine#1" [stack: 0x000000b294100000,0x000000b294200000] [id=5356]
  0x0000025f98a7f810 ConcurrentGCThread "G1 Refine#2" [stack: 0x000000b294700000,0x000000b294800000] [id=9556]
  0x0000025f983e8100 ConcurrentGCThread "G1 Refine#3" [stack: 0x000000b294d00000,0x000000b294e00000] [id=13240]
  0x0000025f4f880b80 ConcurrentGCThread "G1 Service" [stack: 0x000000b291800000,0x000000b291900000] [id=15620]

Threads with active compile tasks:
C2 CompilerThread0    52049 8617       4       org.jetbrains.org.objectweb.asm.ClassReader::readElementValue (1237 bytes)
C2 CompilerThread1    52049 8476       4       org.jetbrains.kotlin.cli.jvm.index.JvmDependenciesIndexImpl::searchClasses (520 bytes)
C2 CompilerThread2    52049 8403       4       org.jetbrains.org.objectweb.asm.ClassReader::readModuleAttributes (551 bytes)

VM state: at safepoint (normal execution)

VM Mutex/Monitor currently owned by a thread:  ([mutex/lock_event])
[0x0000025f2cb965e0] Threads_lock - owner thread: 0x0000025f4f9c1080
[0x0000025f2cb95860] Heap_lock - owner thread: 0x0000025f96ff5380

Heap address: 0x0000000700000000, size: 4096 MB, Compressed Oops mode: Zero based, Oop shift amount: 3

CDS archive(s) mapped at: [0x0000025f50000000-0x0000025f50bd0000-0x0000025f50bd0000), size 12386304, SharedBaseAddress: 0x0000025f50000000, ArchiveRelocationMode: 1.
Compressed class space mapped at: 0x0000025f51000000-0x0000025f91000000, reserved size: 1073741824
Narrow klass base: 0x0000025f50000000, Narrow klass shift: 0, Narrow klass range: 0x100000000

GC Precious Log:
 CPUs: 8 total, 8 available
 Memory: 8013M
 Large Page Support: Disabled
 NUMA Support: Disabled
 Compressed Oops: Enabled (Zero based)
 Heap Region Size: 2M
 Heap Min Capacity: 8M
 Heap Initial Capacity: 126M
 Heap Max Capacity: 4G
 Pre-touch: Disabled
 Parallel Workers: 8
 Concurrent Workers: 2
 Concurrent Refinement Workers: 8
 Periodic GC: Disabled

Heap:
 garbage-first heap   total 208896K, used 130584K [0x0000000700000000, 0x0000000800000000)
  region size 2048K, 3 young (6144K), 3 survivors (6144K)
 Metaspace       used 109189K, committed 109888K, reserved 1179648K
  class space    used 14005K, committed 14336K, reserved 1048576K

Heap Regions: E=young(eden), S=young(survivor), O=old, HS=humongous(starts), HC=humongous(continues), CS=collection set, F=free, OA=open archive, CA=closed archive, TAMS=top-at-mark-start (previous, next)
|   0|0x0000000700000000, 0x0000000700200000, 0x0000000700200000|100%|HS|  |TAMS 0x0000000700200000, 0x0000000700200000| Complete 
|   1|0x0000000700200000, 0x0000000700400000, 0x0000000700400000|100%|HC|  |TAMS 0x0000000700400000, 0x0000000700400000| Complete 
|   2|0x0000000700400000, 0x0000000700600000, 0x0000000700600000|100%| O|  |TAMS 0x0000000700600000, 0x0000000700600000| Untracked 
|   3|0x0000000700600000, 0x0000000700800000, 0x0000000700800000|100%| O|  |TAMS 0x0000000700800000, 0x0000000700800000| Untracked 
|   4|0x0000000700800000, 0x0000000700a00000, 0x0000000700a00000|100%| O|  |TAMS 0x0000000700a00000, 0x0000000700a00000| Untracked 
|   5|0x0000000700a00000, 0x0000000700c00000, 0x0000000700c00000|100%| O|  |TAMS 0x0000000700c00000, 0x0000000700c00000| Untracked 
|   6|0x0000000700c00000, 0x0000000700e00000, 0x0000000700e00000|100%| O|  |TAMS 0x0000000700e00000, 0x0000000700e00000| Untracked 
|   7|0x0000000700e00000, 0x0000000701000000, 0x0000000701000000|100%| O|  |TAMS 0x0000000701000000, 0x0000000701000000| Untracked 
|   8|0x0000000701000000, 0x0000000701200000, 0x0000000701200000|100%| O|  |TAMS 0x0000000701200000, 0x0000000701200000| Untracked 
|   9|0x0000000701200000, 0x00000007012b1600, 0x0000000701400000| 34%| O|  |TAMS 0x00000007012b1600, 0x00000007012b1600| Untracked 
|  10|0x0000000701400000, 0x0000000701600000, 0x0000000701600000|100%| O|  |TAMS 0x0000000701600000, 0x0000000701600000| Untracked 
|  11|0x0000000701600000, 0x0000000701800000, 0x0000000701800000|100%| O|  |TAMS 0x0000000701800000, 0x0000000701800000| Untracked 
|  12|0x0000000701800000, 0x0000000701a00000, 0x0000000701a00000|100%| O|  |TAMS 0x0000000701a00000, 0x0000000701a00000| Untracked 
|  13|0x0000000701a00000, 0x0000000701c00000, 0x0000000701c00000|100%| O|  |TAMS 0x0000000701c00000, 0x0000000701c00000| Untracked 
|  14|0x0000000701c00000, 0x0000000701e00000, 0x0000000701e00000|100%| O|  |TAMS 0x0000000701e00000, 0x0000000701e00000| Untracked 
|  15|0x0000000701e00000, 0x0000000702000000, 0x0000000702000000|100%| O|  |TAMS 0x0000000702000000, 0x0000000702000000| Untracked 
|  16|0x0000000702000000, 0x0000000702200000, 0x0000000702200000|100%| O|  |TAMS 0x0000000702200000, 0x0000000702200000| Untracked 
|  17|0x0000000702200000, 0x0000000702400000, 0x0000000702400000|100%| O|  |TAMS 0x0000000702400000, 0x0000000702400000| Untracked 
|  18|0x0000000702400000, 0x0000000702600000, 0x0000000702600000|100%| O|  |TAMS 0x0000000702600000, 0x0000000702600000| Untracked 
|  19|0x0000000702600000, 0x0000000702800000, 0x0000000702800000|100%| O|  |TAMS 0x0000000702800000, 0x0000000702800000| Untracked 
|  20|0x0000000702800000, 0x0000000702a00000, 0x0000000702a00000|100%| O|  |TAMS 0x0000000702a00000, 0x0000000702a00000| Untracked 
|  21|0x0000000702a00000, 0x0000000702c00000, 0x0000000702c00000|100%| O|  |TAMS 0x0000000702c00000, 0x0000000702c00000| Untracked 
|  22|0x0000000702c00000, 0x0000000702e00000, 0x0000000702e00000|100%| O|  |TAMS 0x0000000702e00000, 0x0000000702e00000| Untracked 
|  23|0x0000000702e00000, 0x0000000703000000, 0x0000000703000000|100%| O|  |TAMS 0x0000000703000000, 0x0000000703000000| Untracked 
|  24|0x0000000703000000, 0x0000000703200000, 0x0000000703200000|100%| O|  |TAMS 0x0000000703200000, 0x0000000703200000| Untracked 
|  25|0x0000000703200000, 0x0000000703400000, 0x0000000703400000|100%| O|  |TAMS 0x0000000703400000, 0x0000000703400000| Untracked 
|  26|0x0000000703400000, 0x0000000703600000, 0x0000000703600000|100%| O|  |TAMS 0x0000000703600000, 0x0000000703600000| Untracked 
|  27|0x0000000703600000, 0x0000000703800000, 0x0000000703800000|100%| O|  |TAMS 0x0000000703800000, 0x0000000703800000| Untracked 
|  28|0x0000000703800000, 0x0000000703a00000, 0x0000000703a00000|100%| O|  |TAMS 0x0000000703a00000, 0x0000000703a00000| Untracked 
|  29|0x0000000703a00000, 0x0000000703c00000, 0x0000000703c00000|100%| O|  |TAMS 0x0000000703c00000, 0x0000000703c00000| Untracked 
|  30|0x0000000703c00000, 0x0000000703e00000, 0x0000000703e00000|100%| O|  |TAMS 0x0000000703e00000, 0x0000000703e00000| Untracked 
|  31|0x0000000703e00000, 0x0000000704000000, 0x0000000704000000|100%| O|  |TAMS 0x0000000704000000, 0x0000000704000000| Untracked 
|  32|0x0000000704000000, 0x0000000704200000, 0x0000000704200000|100%| O|  |TAMS 0x0000000704200000, 0x0000000704200000| Untracked 
|  33|0x0000000704200000, 0x0000000704400000, 0x0000000704400000|100%| O|  |TAMS 0x0000000704400000, 0x0000000704400000| Untracked 
|  34|0x0000000704400000, 0x0000000704600000, 0x0000000704600000|100%| O|  |TAMS 0x0000000704600000, 0x0000000704600000| Untracked 
|  35|0x0000000704600000, 0x0000000704800000, 0x0000000704800000|100%| O|  |TAMS 0x0000000704800000, 0x0000000704800000| Untracked 
|  36|0x0000000704800000, 0x0000000704a00000, 0x0000000704a00000|100%| O|  |TAMS 0x0000000704a00000, 0x0000000704a00000| Untracked 
|  37|0x0000000704a00000, 0x0000000704c00000, 0x0000000704c00000|100%| O|  |TAMS 0x0000000704c00000, 0x0000000704c00000| Untracked 
|  38|0x0000000704c00000, 0x0000000704e00000, 0x0000000704e00000|100%| O|  |TAMS 0x0000000704e00000, 0x0000000704e00000| Untracked 
|  39|0x0000000704e00000, 0x0000000705000000, 0x0000000705000000|100%| O|  |TAMS 0x0000000705000000, 0x0000000705000000| Untracked 
|  40|0x0000000705000000, 0x0000000705200000, 0x0000000705200000|100%| O|  |TAMS 0x0000000705200000, 0x0000000705200000| Untracked 
|  41|0x0000000705200000, 0x0000000705400000, 0x0000000705400000|100%| O|  |TAMS 0x0000000705400000, 0x0000000705400000| Untracked 
|  42|0x0000000705400000, 0x0000000705600000, 0x0000000705600000|100%| O|  |TAMS 0x0000000705600000, 0x0000000705600000| Untracked 
|  43|0x0000000705600000, 0x0000000705800000, 0x0000000705800000|100%| O|  |TAMS 0x00000007056ba000, 0x0000000705800000| Untracked 
|  44|0x0000000705800000, 0x0000000705a00000, 0x0000000705a00000|100%| O|  |TAMS 0x0000000705800000, 0x0000000705a00000| Untracked 
|  45|0x0000000705a00000, 0x0000000705c00000, 0x0000000705c00000|100%| O|  |TAMS 0x0000000705a00000, 0x0000000705c00000| Untracked 
|  46|0x0000000705c00000, 0x0000000705e00000, 0x0000000705e00000|100%| O|  |TAMS 0x0000000705c00000, 0x0000000705e00000| Untracked 
|  47|0x0000000705e00000, 0x0000000706000000, 0x0000000706000000|100%| O|  |TAMS 0x0000000705e00000, 0x0000000706000000| Untracked 
|  48|0x0000000706000000, 0x0000000706200000, 0x0000000706200000|100%| O|  |TAMS 0x0000000706000000, 0x0000000706200000| Untracked 
|  49|0x0000000706200000, 0x0000000706400000, 0x0000000706400000|100%| O|  |TAMS 0x0000000706200000, 0x0000000706400000| Untracked 
|  50|0x0000000706400000, 0x0000000706600000, 0x0000000706600000|100%| O|  |TAMS 0x0000000706400000, 0x0000000706600000| Untracked 
|  51|0x0000000706600000, 0x0000000706800000, 0x0000000706800000|100%| O|  |TAMS 0x0000000706600000, 0x0000000706800000| Untracked 
|  52|0x0000000706800000, 0x0000000706a00000, 0x0000000706a00000|100%| O|  |TAMS 0x0000000706800000, 0x0000000706a00000| Untracked 
|  53|0x0000000706a00000, 0x0000000706c00000, 0x0000000706c00000|100%| O|  |TAMS 0x0000000706a00000, 0x0000000706b63c00| Untracked 
|  54|0x0000000706c00000, 0x0000000706e00000, 0x0000000706e00000|100%| O|  |TAMS 0x0000000706c00000, 0x0000000706c00000| Untracked 
|  55|0x0000000706e00000, 0x0000000707000000, 0x0000000707000000|100%| O|  |TAMS 0x0000000706e00000, 0x0000000706e00000| Untracked 
|  56|0x0000000707000000, 0x0000000707200000, 0x0000000707200000|100%| O|  |TAMS 0x0000000707000000, 0x0000000707000000| Untracked 
|  57|0x0000000707200000, 0x0000000707400000, 0x0000000707400000|100%| O|  |TAMS 0x0000000707200000, 0x0000000707200000| Untracked 
|  58|0x0000000707400000, 0x0000000707600000, 0x0000000707600000|100%| O|  |TAMS 0x0000000707400000, 0x0000000707400000| Untracked 
|  59|0x0000000707600000, 0x0000000707800000, 0x0000000707800000|100%| O|  |TAMS 0x0000000707600000, 0x0000000707600000| Untracked 
|  60|0x0000000707800000, 0x00000007078d4c00, 0x0000000707a00000| 41%| O|  |TAMS 0x0000000707800000, 0x0000000707800000| Untracked 
|  61|0x0000000707a00000, 0x0000000707a00000, 0x0000000707c00000|  0%| F|  |TAMS 0x0000000707a00000, 0x0000000707a00000| Untracked 
|  62|0x0000000707c00000, 0x0000000707c00000, 0x0000000707e00000|  0%| F|  |TAMS 0x0000000707c00000, 0x0000000707c00000| Untracked 
|  63|0x0000000707e00000, 0x0000000707e00000, 0x0000000708000000|  0%| F|  |TAMS 0x0000000707e00000, 0x0000000707e00000| Untracked 
|  64|0x0000000708000000, 0x0000000708000000, 0x0000000708200000|  0%| F|  |TAMS 0x0000000708000000, 0x0000000708000000| Untracked 
|  65|0x0000000708200000, 0x0000000708200000, 0x0000000708400000|  0%| F|  |TAMS 0x0000000708200000, 0x0000000708200000| Untracked 
|  66|0x0000000708400000, 0x0000000708400000, 0x0000000708600000|  0%| F|  |TAMS 0x0000000708400000, 0x0000000708400000| Untracked 
|  67|0x0000000708600000, 0x0000000708600000, 0x0000000708800000|  0%| F|  |TAMS 0x0000000708600000, 0x0000000708600000| Untracked 
|  68|0x0000000708800000, 0x0000000708800000, 0x0000000708a00000|  0%| F|  |TAMS 0x0000000708800000, 0x0000000708800000| Untracked 
|  69|0x0000000708a00000, 0x0000000708a00000, 0x0000000708c00000|  0%| F|  |TAMS 0x0000000708a00000, 0x0000000708a00000| Untracked 
|  70|0x0000000708c00000, 0x0000000708c00000, 0x0000000708e00000|  0%| F|  |TAMS 0x0000000708c00000, 0x0000000708c00000| Untracked 
|  71|0x0000000708e00000, 0x0000000708e00000, 0x0000000709000000|  0%| F|  |TAMS 0x0000000708e00000, 0x0000000708e00000| Untracked 
|  72|0x0000000709000000, 0x0000000709000000, 0x0000000709200000|  0%| F|  |TAMS 0x0000000709000000, 0x0000000709000000| Untracked 
|  73|0x0000000709200000, 0x0000000709200000, 0x0000000709400000|  0%| F|  |TAMS 0x0000000709200000, 0x0000000709200000| Untracked 
|  74|0x0000000709400000, 0x0000000709400000, 0x0000000709600000|  0%| F|  |TAMS 0x0000000709400000, 0x0000000709400000| Untracked 
|  75|0x0000000709600000, 0x0000000709800000, 0x0000000709800000|100%| S|CS|TAMS 0x0000000709600000, 0x0000000709600000| Complete 
|  76|0x0000000709800000, 0x0000000709a00000, 0x0000000709a00000|100%| S|CS|TAMS 0x0000000709800000, 0x0000000709800000| Complete 
|  77|0x0000000709a00000, 0x0000000709c00000, 0x0000000709c00000|100%| S|CS|TAMS 0x0000000709a00000, 0x0000000709a00000| Complete 
|  78|0x0000000709c00000, 0x0000000709c00000, 0x0000000709e00000|  0%| F|  |TAMS 0x0000000709c00000, 0x0000000709c00000| Untracked 
|  79|0x0000000709e00000, 0x0000000709e00000, 0x000000070a000000|  0%| F|  |TAMS 0x0000000709e00000, 0x0000000709e00000| Untracked 
|  80|0x000000070a000000, 0x000000070a000000, 0x000000070a200000|  0%| F|  |TAMS 0x000000070a000000, 0x000000070a000000| Untracked 
|  81|0x000000070a200000, 0x000000070a200000, 0x000000070a400000|  0%| F|  |TAMS 0x000000070a200000, 0x000000070a200000| Untracked 
|  82|0x000000070a400000, 0x000000070a400000, 0x000000070a600000|  0%| F|  |TAMS 0x000000070a400000, 0x000000070a400000| Untracked 
|  83|0x000000070a600000, 0x000000070a600000, 0x000000070a800000|  0%| F|  |TAMS 0x000000070a600000, 0x000000070a600000| Untracked 
|  84|0x000000070a800000, 0x000000070a800000, 0x000000070aa00000|  0%| F|  |TAMS 0x000000070a800000, 0x000000070a800000| Untracked 
|  85|0x000000070aa00000, 0x000000070aa00000, 0x000000070ac00000|  0%| F|  |TAMS 0x000000070aa00000, 0x000000070aa00000| Untracked 
|  86|0x000000070ac00000, 0x000000070ac00000, 0x000000070ae00000|  0%| F|  |TAMS 0x000000070ac00000, 0x000000070ac00000| Untracked 
|  87|0x000000070ae00000, 0x000000070ae00000, 0x000000070b000000|  0%| F|  |TAMS 0x000000070ae00000, 0x000000070ae00000| Untracked 
|  88|0x000000070b000000, 0x000000070b000000, 0x000000070b200000|  0%| F|  |TAMS 0x000000070b000000, 0x000000070b000000| Untracked 
|  89|0x000000070b200000, 0x000000070b200000, 0x000000070b400000|  0%| F|  |TAMS 0x000000070b200000, 0x000000070b200000| Untracked 
|  90|0x000000070b400000, 0x000000070b400000, 0x000000070b600000|  0%| F|  |TAMS 0x000000070b400000, 0x000000070b400000| Untracked 
|  91|0x000000070b600000, 0x000000070b600000, 0x000000070b800000|  0%| F|  |TAMS 0x000000070b600000, 0x000000070b600000| Untracked 
|  92|0x000000070b800000, 0x000000070b800000, 0x000000070ba00000|  0%| F|  |TAMS 0x000000070b800000, 0x000000070b800000| Untracked 
|  93|0x000000070ba00000, 0x000000070ba00000, 0x000000070bc00000|  0%| F|  |TAMS 0x000000070ba00000, 0x000000070ba00000| Untracked 
|  94|0x000000070bc00000, 0x000000070bc00000, 0x000000070be00000|  0%| F|  |TAMS 0x000000070bc00000, 0x000000070bc00000| Untracked 
|  95|0x000000070be00000, 0x000000070be00000, 0x000000070c000000|  0%| F|  |TAMS 0x000000070be00000, 0x000000070be00000| Untracked 
|  96|0x000000070c000000, 0x000000070c000000, 0x000000070c200000|  0%| F|  |TAMS 0x000000070c000000, 0x000000070c000000| Untracked 
|  97|0x000000070c200000, 0x000000070c200000, 0x000000070c400000|  0%| F|  |TAMS 0x000000070c200000, 0x000000070c200000| Untracked 
|  98|0x000000070c400000, 0x000000070c400000, 0x000000070c600000|  0%| F|  |TAMS 0x000000070c400000, 0x000000070c400000| Untracked 
|  99|0x000000070c600000, 0x000000070c600000, 0x000000070c800000|  0%| F|  |TAMS 0x000000070c600000, 0x000000070c600000| Untracked 
| 100|0x000000070c800000, 0x000000070c800000, 0x000000070ca00000|  0%| F|  |TAMS 0x000000070c800000, 0x000000070c800000| Untracked 
|2047|0x00000007ffe00000, 0x0000000800000000, 0x0000000800000000|100%| O|  |TAMS 0x0000000800000000, 0x0000000800000000| Untracked 

Card table byte_map: [0x0000025f43f90000,0x0000025f44790000] _byte_map_base: 0x0000025f40790000

Marking Bits (Prev, Next): (CMBitMap*) 0x0000025f2cc05a20, (CMBitMap*) 0x0000025f2cc05a60
 Prev Bits: [0x0000025f44f90000, 0x0000025f48f90000)
 Next Bits: [0x0000025f48f90000, 0x0000025f4cf90000)

Polling page: 0x0000025f2ad30000

Metaspace:

Usage:
  Non-class:     92.95 MB used.
      Class:     13.68 MB used.
       Both:    106.63 MB used.

Virtual space:
  Non-class space:      128.00 MB reserved,      93.31 MB ( 73%) committed,  2 nodes.
      Class space:        1.00 GB reserved,      14.00 MB (  1%) committed,  1 nodes.
             Both:        1.12 GB reserved,     107.31 MB (  9%) committed. 

Chunk freelists:
   Non-Class:  1.95 MB
       Class:  2.01 MB
        Both:  3.97 MB

MaxMetaspaceSize: unlimited
CompressedClassSpaceSize: 1.00 GB
Initial GC threshold: 21.00 MB
Current GC threshold: 178.44 MB
CDS: on
MetaspaceReclaimPolicy: balanced
 - commit_granule_bytes: 65536.
 - commit_granule_words: 8192.
 - virtual_space_node_default_size: 8388608.
 - enlarge_chunks_in_place: 1.
 - new_chunks_are_fully_committed: 0.
 - uncommit_free_chunks: 1.
 - use_allocation_guard: 0.
 - handle_deallocations: 1.


Internal statistics:

num_allocs_failed_limit: 6.
num_arena_births: 856.
num_arena_deaths: 0.
num_vsnodes_births: 3.
num_vsnodes_deaths: 0.
num_space_committed: 1716.
num_space_uncommitted: 0.
num_chunks_returned_to_freelist: 6.
num_chunks_taken_from_freelist: 4913.
num_chunk_merges: 6.
num_chunk_splits: 3738.
num_chunks_enlarged: 3062.
num_inconsistent_stats: 0.

CodeHeap 'non-profiled nmethods': size=120000Kb used=4187Kb max_used=4935Kb free=115812Kb
 bounds [0x0000025f3bf30000, 0x0000025f3c410000, 0x0000025f43460000]
CodeHeap 'profiled nmethods': size=120000Kb used=16341Kb max_used=17425Kb free=103658Kb
 bounds [0x0000025f34460000, 0x0000025f35580000, 0x0000025f3b990000]
CodeHeap 'non-nmethods': size=5760Kb used=1879Kb max_used=2027Kb free=3880Kb
 bounds [0x0000025f3b990000, 0x0000025f3bc00000, 0x0000025f3bf30000]
 total_blobs=8348 nmethods=7334 adapters=925
 compilation: enabled
              stopped_count=0, restarted_count=0
 full_count=0

Compilation events (20 events):
Event: 51.952 Thread 0x0000025f4f9e60d0 8628       1       org.jetbrains.kotlin.fir.resolve.transformers.body.resolve.BodyResolveContext::getContainers (5 bytes)
Event: 51.952 Thread 0x0000025f4f9e60d0 nmethod 8628 0x0000025f3c025010 code [0x0000025f3c0251a0, 0x0000025f3c025278]
Event: 51.952 Thread 0x0000025f4f9e60d0 8622       3       org.jetbrains.kotlin.name.JvmStandardClassIds$Annotations$Java::getDeprecated (4 bytes)
Event: 51.952 Thread 0x0000025f4f9e60d0 nmethod 8622 0x0000025f34a3f110 code [0x0000025f34a3f2a0, 0x0000025f34a3f3b8]
Event: 51.954 Thread 0x0000025f4f9e60d0 8630       3       org.jetbrains.kotlin.fir.deserialization.AbstractFirDeserializedSymbolProvider$symbolNamesProvider$1::computeTopLevelClassifierNames (266 bytes)
Event: 51.958 Thread 0x0000025f4f9e60d0 nmethod 8630 0x0000025f34610410 code [0x0000025f34610a40, 0x0000025f34614008]
Event: 51.958 Thread 0x0000025f4f9e60d0 8631       3       org.jetbrains.org.objectweb.asm.ClassReader::readField (667 bytes)
Event: 51.962 Thread 0x0000025f4f9e60d0 nmethod 8631 0x0000025f34ce6a90 code [0x0000025f34ce6fe0, 0x0000025f34ce96a8]
Event: 51.963 Thread 0x0000025f4f9e60d0 8632       3       org.jetbrains.kotlin.metadata.ProtoBuf$Contract::getEffectCount (10 bytes)
Event: 51.963 Thread 0x0000025f4f9e60d0 nmethod 8632 0x0000025f34c76d90 code [0x0000025f34c76f40, 0x0000025f34c77128]
Event: 51.966 Thread 0x0000025f4f9e60d0 8633   !   3       org.jetbrains.kotlin.metadata.jvm.JvmProtoBuf$JvmPropertySignature::<init> (647 bytes)
Event: 51.972 Thread 0x0000025f4f9e60d0 nmethod 8633 0x0000025f3506b310 code [0x0000025f3506ba40, 0x0000025f3506fe88]
Event: 51.975 Thread 0x0000025f4f9e60d0 8634       3       org.jetbrains.kotlin.load.kotlin.FileBasedKotlinClass$1::visitInnerClass (19 bytes)
Event: 51.976 Thread 0x0000025f4f9e60d0 nmethod 8634 0x0000025f34df5310 code [0x0000025f34df54c0, 0x0000025f34df5698]
Event: 51.976 Thread 0x0000025f4f9e60d0 8635       3       org.jetbrains.kotlin.load.kotlin.FileBasedKotlinClass$InnerClassesInfo::add (48 bytes)
Event: 51.976 Thread 0x0000025f4f9e60d0 nmethod 8635 0x0000025f34828410 code [0x0000025f34828600, 0x0000025f34828d18]
Event: 51.976 Thread 0x0000025f4f9e60d0 8636       3       org.jetbrains.kotlin.load.kotlin.FileBasedKotlinClass$OuterAndInnerName::<init> (7 bytes)
Event: 51.977 Thread 0x0000025f4f9e60d0 nmethod 8636 0x0000025f3472f010 code [0x0000025f3472f1c0, 0x0000025f3472f458]
Event: 51.977 Thread 0x0000025f4f9e60d0 8637       3       org.jetbrains.kotlin.load.kotlin.FileBasedKotlinClass$OuterAndInnerName::<init> (15 bytes)
Event: 51.977 Thread 0x0000025f4f9e60d0 nmethod 8637 0x0000025f3482a990 code [0x0000025f3482ab40, 0x0000025f3482ad78]

GC Heap History (20 events):
Event: 44.891 GC heap after
{Heap after GC invocations=31 (full 0):
 garbage-first heap   total 147456K, used 79832K [0x0000000700000000, 0x0000000800000000)
  region size 2048K, 2 young (4096K), 2 survivors (4096K)
 Metaspace       used 80342K, committed 80960K, reserved 1179648K
  class space    used 10498K, committed 10816K, reserved 1048576K
}
Event: 45.457 GC heap before
{Heap before GC invocations=32 (full 0):
 garbage-first heap   total 147456K, used 108504K [0x0000000700000000, 0x0000000800000000)
  region size 2048K, 17 young (34816K), 2 survivors (4096K)
 Metaspace       used 83673K, committed 84288K, reserved 1179648K
  class space    used 10819K, committed 11136K, reserved 1048576K
}
Event: 45.462 GC heap after
{Heap after GC invocations=33 (full 0):
 garbage-first heap   total 147456K, used 82944K [0x0000000700000000, 0x0000000800000000)
  region size 2048K, 2 young (4096K), 2 survivors (4096K)
 Metaspace       used 83673K, committed 84288K, reserved 1179648K
  class space    used 10819K, committed 11136K, reserved 1048576K
}
Event: 46.137 GC heap before
{Heap before GC invocations=33 (full 0):
 garbage-first heap   total 147456K, used 111616K [0x0000000700000000, 0x0000000800000000)
  region size 2048K, 16 young (32768K), 2 survivors (4096K)
 Metaspace       used 87058K, committed 87680K, reserved 1179648K
  class space    used 11135K, committed 11456K, reserved 1048576K
}
Event: 46.143 GC heap after
{Heap after GC invocations=34 (full 0):
 garbage-first heap   total 147456K, used 85338K [0x0000000700000000, 0x0000000800000000)
  region size 2048K, 2 young (4096K), 2 survivors (4096K)
 Metaspace       used 87058K, committed 87680K, reserved 1179648K
  class space    used 11135K, committed 11456K, reserved 1048576K
}
Event: 46.791 GC heap before
{Heap before GC invocations=35 (full 0):
 garbage-first heap   total 157696K, used 114010K [0x0000000700000000, 0x0000000800000000)
  region size 2048K, 16 young (32768K), 2 survivors (4096K)
 Metaspace       used 90256K, committed 90944K, reserved 1179648K
  class space    used 11456K, committed 11776K, reserved 1048576K
}
Event: 46.796 GC heap after
{Heap after GC invocations=36 (full 0):
 garbage-first heap   total 157696K, used 87195K [0x0000000700000000, 0x0000000800000000)
  region size 2048K, 2 young (4096K), 2 survivors (4096K)
 Metaspace       used 90256K, committed 90944K, reserved 1179648K
  class space    used 11456K, committed 11776K, reserved 1048576K
}
Event: 47.474 GC heap before
{Heap before GC invocations=36 (full 0):
 garbage-first heap   total 157696K, used 124059K [0x0000000700000000, 0x0000000800000000)
  region size 2048K, 20 young (40960K), 2 survivors (4096K)
 Metaspace       used 94417K, committed 95104K, reserved 1179648K
  class space    used 12029K, committed 12352K, reserved 1048576K
}
Event: 47.481 GC heap after
{Heap after GC invocations=37 (full 0):
 garbage-first heap   total 157696K, used 89697K [0x0000000700000000, 0x0000000800000000)
  region size 2048K, 3 young (6144K), 3 survivors (6144K)
 Metaspace       used 94417K, committed 95104K, reserved 1179648K
  class space    used 12029K, committed 12352K, reserved 1048576K
}
Event: 48.269 GC heap before
{Heap before GC invocations=38 (full 0):
 garbage-first heap   total 163840K, used 124513K [0x0000000700000000, 0x0000000800000000)
  region size 2048K, 20 young (40960K), 3 survivors (6144K)
 Metaspace       used 99256K, committed 99968K, reserved 1179648K
  class space    used 12510K, committed 12864K, reserved 1048576K
}
Event: 48.279 GC heap after
{Heap after GC invocations=39 (full 0):
 garbage-first heap   total 163840K, used 90549K [0x0000000700000000, 0x0000000800000000)
  region size 2048K, 2 young (4096K), 2 survivors (4096K)
 Metaspace       used 99256K, committed 99968K, reserved 1179648K
  class space    used 12510K, committed 12864K, reserved 1048576K
}
Event: 49.482 GC heap before
{Heap before GC invocations=39 (full 0):
 garbage-first heap   total 163840K, used 131509K [0x0000000700000000, 0x0000000800000000)
  region size 2048K, 22 young (45056K), 2 survivors (4096K)
 Metaspace       used 103826K, committed 104448K, reserved 1179648K
  class space    used 13220K, committed 13504K, reserved 1048576K
}
Event: 49.490 GC heap after
{Heap after GC invocations=40 (full 0):
 garbage-first heap   total 163840K, used 92050K [0x0000000700000000, 0x0000000800000000)
  region size 2048K, 3 young (6144K), 3 survivors (6144K)
 Metaspace       used 103826K, committed 104448K, reserved 1179648K
  class space    used 13220K, committed 13504K, reserved 1048576K
}
Event: 50.946 GC heap before
{Heap before GC invocations=41 (full 0):
 garbage-first heap   total 163840K, used 133010K [0x0000000700000000, 0x0000000800000000)
  region size 2048K, 23 young (47104K), 3 survivors (6144K)
 Metaspace       used 108126K, committed 108864K, reserved 1179648K
  class space    used 13898K, committed 14208K, reserved 1048576K
}
Event: 50.953 GC heap after
{Heap after GC invocations=42 (full 0):
 garbage-first heap   total 163840K, used 94232K [0x0000000700000000, 0x0000000800000000)
  region size 2048K, 3 young (6144K), 3 survivors (6144K)
 Metaspace       used 108126K, committed 108864K, reserved 1179648K
  class space    used 13898K, committed 14208K, reserved 1048576K
}
Event: 51.257 GC heap before
{Heap before GC invocations=42 (full 0):
 garbage-first heap   total 163840K, used 133144K [0x0000000700000000, 0x0000000800000000)
  region size 2048K, 22 young (45056K), 3 survivors (6144K)
 Metaspace       used 108863K, committed 109568K, reserved 1179648K
  class space    used 13997K, committed 14336K, reserved 1048576K
}
Event: 51.273 GC heap after
{Heap after GC invocations=43 (full 0):
 garbage-first heap   total 163840K, used 107933K [0x0000000700000000, 0x0000000800000000)
  region size 2048K, 3 young (6144K), 3 survivors (6144K)
 Metaspace       used 108863K, committed 109568K, reserved 1179648K
  class space    used 13997K, committed 14336K, reserved 1048576K
}
Event: 51.552 GC heap before
{Heap before GC invocations=44 (full 0):
 garbage-first heap   total 208896K, used 128413K [0x0000000700000000, 0x0000000800000000)
  region size 2048K, 13 young (26624K), 3 survivors (6144K)
 Metaspace       used 109006K, committed 109696K, reserved 1179648K
  class space    used 14005K, committed 14336K, reserved 1048576K
}
Event: 51.570 GC heap after
{Heap after GC invocations=45 (full 0):
 garbage-first heap   total 208896K, used 114772K [0x0000000700000000, 0x0000000800000000)
  region size 2048K, 2 young (4096K), 2 survivors (4096K)
 Metaspace       used 109006K, committed 109696K, reserved 1179648K
  class space    used 14005K, committed 14336K, reserved 1048576K
}
Event: 51.979 GC heap before
{Heap before GC invocations=45 (full 0):
 garbage-first heap   total 208896K, used 155732K [0x0000000700000000, 0x0000000800000000)
  region size 2048K, 23 young (47104K), 2 survivors (4096K)
 Metaspace       used 109189K, committed 109888K, reserved 1179648K
  class space    used 14005K, committed 14336K, reserved 1048576K
}

Deoptimization events (20 events):
Event: 51.496 Thread 0x0000025f96ff5380 Uncommon trap: trap_request=0xffffffc6 fr.pc=0x0000025f3c33c4f8 relative=0x00000000000088f8
Event: 51.496 Thread 0x0000025f96ff5380 Uncommon trap: reason=bimorphic_or_optimized_type_check action=maybe_recompile pc=0x0000025f3c33c4f8 method=org.jetbrains.kotlin.cli.jvm.index.JvmDependenciesIndexImpl.searchClasses(Lorg/jetbrains/kotlin/name/ClassId;Ljava/util/Set;Lkotlin/jvm/functions/F
Event: 51.496 Thread 0x0000025f96ff5380 DEOPT PACKING pc=0x0000025f3c33c4f8 sp=0x000000b2933f5210
Event: 51.496 Thread 0x0000025f96ff5380 DEOPT UNPACKING pc=0x0000025f3b9e23a3 sp=0x000000b2933f51d0 mode 2
Event: 51.498 Thread 0x0000025f96ff5380 Uncommon trap: trap_request=0xffffffc6 fr.pc=0x0000025f3c33c4f8 relative=0x00000000000088f8
Event: 51.498 Thread 0x0000025f96ff5380 Uncommon trap: reason=bimorphic_or_optimized_type_check action=maybe_recompile pc=0x0000025f3c33c4f8 method=org.jetbrains.kotlin.cli.jvm.index.JvmDependenciesIndexImpl.searchClasses(Lorg/jetbrains/kotlin/name/ClassId;Ljava/util/Set;Lkotlin/jvm/functions/F
Event: 51.498 Thread 0x0000025f96ff5380 DEOPT PACKING pc=0x0000025f3c33c4f8 sp=0x000000b2933f5210
Event: 51.498 Thread 0x0000025f96ff5380 DEOPT UNPACKING pc=0x0000025f3b9e23a3 sp=0x000000b2933f51d0 mode 2
Event: 51.630 Thread 0x0000025f96ff5380 Uncommon trap: trap_request=0xffffff6e fr.pc=0x0000025f3c2110e0 relative=0x00000000000008e0
Event: 51.630 Thread 0x0000025f96ff5380 Uncommon trap: reason=loop_limit_check action=maybe_recompile pc=0x0000025f3c2110e0 method=org.jetbrains.kotlin.com.intellij.openapi.util.text.StringUtilRt.lastIndexOf(Ljava/lang/CharSequence;CII)I @ 32 c2
Event: 51.630 Thread 0x0000025f96ff5380 DEOPT PACKING pc=0x0000025f3c2110e0 sp=0x000000b2933f45d0
Event: 51.630 Thread 0x0000025f96ff5380 DEOPT UNPACKING pc=0x0000025f3b9e23a3 sp=0x000000b2933f4510 mode 2
Event: 51.630 Thread 0x0000025f96ff5380 Uncommon trap: trap_request=0xffffff6e fr.pc=0x0000025f3c06f9e0 relative=0x0000000000000340
Event: 51.630 Thread 0x0000025f96ff5380 Uncommon trap: reason=loop_limit_check action=maybe_recompile pc=0x0000025f3c06f9e0 method=org.jetbrains.kotlin.com.intellij.openapi.util.text.StringUtilRt.lastIndexOf(Ljava/lang/CharSequence;CII)I @ 32 c2
Event: 51.630 Thread 0x0000025f96ff5380 DEOPT PACKING pc=0x0000025f3c06f9e0 sp=0x000000b2933f4560
Event: 51.630 Thread 0x0000025f96ff5380 DEOPT UNPACKING pc=0x0000025f3b9e23a3 sp=0x000000b2933f4500 mode 2
Event: 51.761 Thread 0x0000025f96ff5380 Uncommon trap: trap_request=0xffffffc6 fr.pc=0x0000025f3c2133cc relative=0x000000000000012c
Event: 51.761 Thread 0x0000025f96ff5380 Uncommon trap: reason=bimorphic_or_optimized_type_check action=maybe_recompile pc=0x0000025f3c2133cc method=org.jetbrains.kotlin.com.intellij.openapi.vfs.VfsUtilCore.isAncestor(Lorg/jetbrains/kotlin/com/intellij/openapi/vfs/VirtualFile;Lorg/jetbrains/kotl
Event: 51.761 Thread 0x0000025f96ff5380 DEOPT PACKING pc=0x0000025f3c2133cc sp=0x000000b2933f1230
Event: 51.761 Thread 0x0000025f96ff5380 DEOPT UNPACKING pc=0x0000025f3b9e23a3 sp=0x000000b2933f11c0 mode 2

Classes unloaded (0 events):
No events

Classes redefined (0 events):
No events

Internal exceptions (20 events):
Event: 48.639 Thread 0x0000025f96ff5380 Exception <a 'java/lang/NoSuchMethodError'{0x0000000708e361b8}: 'java.lang.Object java.lang.invoke.DirectMethodHandle$Holder.newInvokeSpecial(java.lang.Object, long)'> (0x0000000708e361b8) 
thrown [s\open\src\hotspot\share\interpreter\linkResolver.cpp, line 759]
Event: 48.652 Thread 0x0000025f96ff5380 Exception <a 'java/lang/NoSuchMethodError'{0x0000000708ea7fc8}: 'java.lang.Object java.lang.invoke.Invokers$Holder.linkToTargetMethod(java.lang.Object, java.lang.Object, java.lang.Object, java.lang.Object, long, java.lang.Object, java.lang.Object)'> (0x0000000708ea7fc8) 
thrown [s\open\src\hotspot\share\interpreter\linkResolver.cpp, line 759]
Event: 48.658 Thread 0x0000025f96ff5380 Exception <a 'java/lang/NoSuchMethodError'{0x0000000708eece58}: 'java.lang.Object java.lang.invoke.DirectMethodHandle$Holder.newInvokeSpecial(java.lang.Object, java.lang.Object, java.lang.Object, long, java.lang.Object)'> (0x0000000708eece58) 
thrown [s\open\src\hotspot\share\interpreter\linkResolver.cpp, line 759]
Event: 48.658 Thread 0x0000025f96ff5380 Exception <a 'java/lang/NoSuchMethodError'{0x0000000708ef1b08}: 'java.lang.Object java.lang.invoke.DirectMethodHandle$Holder.invokeSpecial(java.lang.Object, java.lang.Object, java.lang.Object, java.lang.Object, long, java.lang.Object)'> (0x0000000708ef1b08) 
thrown [s\open\src\hotspot\share\interpreter\linkResolver.cpp, line 759]
Event: 48.658 Thread 0x0000025f96ff5380 Exception <a 'java/lang/NoSuchMethodError'{0x0000000708ef62f0}: 'java.lang.Object java.lang.invoke.Invokers$Holder.linkToTargetMethod(java.lang.Object, java.lang.Object, long, java.lang.Object, java.lang.Object)'> (0x0000000708ef62f0) 
thrown [s\open\src\hotspot\share\interpreter\linkResolver.cpp, line 759]
Event: 48.886 Thread 0x0000025f96ff5380 Exception <a 'java/lang/NoSuchMethodError'{0x000000070846e7a0}: 'void java.lang.invoke.DirectMethodHandle$Holder.invokeInterface(java.lang.Object, java.lang.Object)'> (0x000000070846e7a0) 
thrown [s\open\src\hotspot\share\interpreter\linkResolver.cpp, line 759]
Event: 48.899 Thread 0x0000025f96ff5380 Exception <a 'java/lang/IncompatibleClassChangeError'{0x00000007084cbd78}: Found class java.lang.Object, but interface was expected> (0x00000007084cbd78) 
thrown [s\open\src\hotspot\share\interpreter\linkResolver.cpp, line 826]
Event: 49.373 Thread 0x0000025f96ff5380 Exception <a 'java/lang/NoSuchMethodError'{0x000000070755b268}: 'java.lang.Object java.lang.invoke.DirectMethodHandle$Holder.invokeSpecial(java.lang.Object, java.lang.Object, java.lang.Object, int, java.lang.Object)'> (0x000000070755b268) 
thrown [s\open\src\hotspot\share\interpreter\linkResolver.cpp, line 759]
Event: 49.623 Thread 0x0000025f96ff5380 Exception <a 'java/lang/NoSuchMethodError'{0x0000000709c8a868}: 'int java.lang.invoke.DirectMethodHandle$Holder.invokeSpecialIFC(java.lang.Object, java.lang.Object, java.lang.Object)'> (0x0000000709c8a868) 
thrown [s\open\src\hotspot\share\interpreter\linkResolver.cpp, line 759]
Event: 49.840 Thread 0x0000025f96ff5380 Exception <a 'java/lang/NoSuchMethodError'{0x00000007098d0ac8}: 'void java.lang.invoke.DirectMethodHandle$Holder.invokeStatic(java.lang.Object, java.lang.Object, java.lang.Object, int, java.lang.Object)'> (0x00000007098d0ac8) 
thrown [s\open\src\hotspot\share\interpreter\linkResolver.cpp, line 759]
Event: 49.885 Thread 0x0000025f96ff5380 Exception <a 'java/lang/NoSuchMethodError'{0x000000070969e700}: 'int java.lang.invoke.DirectMethodHandle$Holder.invokeInterface(java.lang.Object, java.lang.Object, java.lang.Object, java.lang.Object, java.lang.Object)'> (0x000000070969e700) 
thrown [s\open\src\hotspot\share\interpreter\linkResolver.cpp, line 759]
Event: 49.990 Thread 0x0000025f96ff5380 Exception <a 'java/lang/NoSuchMethodError'{0x000000070955b1b0}: 'java.lang.Object java.lang.invoke.DirectMethodHandle$Holder.invokeSpecial(java.lang.Object, java.lang.Object, long, java.lang.Object, java.lang.Object)'> (0x000000070955b1b0) 
thrown [s\open\src\hotspot\share\interpreter\linkResolver.cpp, line 759]
Event: 50.134 Thread 0x0000025f96ff5380 Exception <a 'java/lang/NoSuchMethodError'{0x00000007090e68f8}: 'java.lang.Object java.lang.invoke.DirectMethodHandle$Holder.newInvokeSpecial(java.lang.Object, java.lang.Object, java.lang.Object, java.lang.Object, int, java.lang.Object)'> (0x00000007090e68f8) 
thrown [s\open\src\hotspot\share\interpreter\linkResolver.cpp, line 759]
Event: 50.135 Thread 0x0000025f96ff5380 Exception <a 'java/lang/NoSuchMethodError'{0x00000007090ebb78}: 'java.lang.Object java.lang.invoke.DirectMethodHandle$Holder.invokeSpecial(java.lang.Object, java.lang.Object, java.lang.Object, java.lang.Object, java.lang.Object, int, java.lang.Object)'> (0x00000007090ebb78) 
thrown [s\open\src\hotspot\share\interpreter\linkResolver.cpp, line 759]
Event: 50.135 Thread 0x0000025f96ff5380 Exception <a 'java/lang/NoSuchMethodError'{0x00000007090f06f8}: 'java.lang.Object java.lang.invoke.Invokers$Holder.linkToTargetMethod(java.lang.Object, java.lang.Object, java.lang.Object, int, java.lang.Object, java.lang.Object)'> (0x00000007090f06f8) 
thrown [s\open\src\hotspot\share\interpreter\linkResolver.cpp, line 759]
Event: 50.294 Thread 0x0000025f96ff5380 Exception <a 'java/lang/NoSuchMethodError'{0x0000000708cd3a10}: 'java.lang.Object java.lang.invoke.DirectMethodHandle$Holder.invokeSpecialIFC(java.lang.Object, java.lang.Object, java.lang.Object)'> (0x0000000708cd3a10) 
thrown [s\open\src\hotspot\share\interpreter\linkResolver.cpp, line 759]
Event: 50.665 Thread 0x0000025f96ff5380 Exception <a 'java/lang/NoSuchMethodError'{0x000000070863f138}: 'long java.lang.invoke.DirectMethodHandle$Holder.invokeStatic(java.lang.Object, java.lang.Object)'> (0x000000070863f138) 
thrown [s\open\src\hotspot\share\interpreter\linkResolver.cpp, line 759]
Event: 51.070 Thread 0x0000025f96ff5380 Exception <a 'sun/nio/fs/WindowsException'{0x0000000709627ea0}> (0x0000000709627ea0) 
thrown [s\open\src\hotspot\share\prims\jni.cpp, line 516]
Event: 51.078 Thread 0x0000025f96ff5380 Exception <a 'sun/nio/fs/WindowsException'{0x0000000709649c30}> (0x0000000709649c30) 
thrown [s\open\src\hotspot\share\prims\jni.cpp, line 516]
Event: 51.078 Thread 0x0000025f96ff5380 Exception <a 'sun/nio/fs/WindowsException'{0x000000070964b6e8}> (0x000000070964b6e8) 
thrown [s\open\src\hotspot\share\prims\jni.cpp, line 516]

VM Operations (20 events):
Event: 49.747 Executing VM operation: G1Concurrent done
Event: 50.759 Executing VM operation: Cleanup
Event: 50.760 Executing VM operation: Cleanup done
Event: 50.946 Executing VM operation: G1CollectForAllocation
Event: 50.953 Executing VM operation: G1CollectForAllocation done
Event: 51.255 Executing VM operation: HandshakeAllThreads
Event: 51.255 Executing VM operation: HandshakeAllThreads done
Event: 51.257 Executing VM operation: G1CollectForAllocation
Event: 51.283 Executing VM operation: G1CollectForAllocation done
Event: 51.309 Executing VM operation: HandshakeAllThreads
Event: 51.315 Executing VM operation: HandshakeAllThreads done
Event: 51.339 Executing VM operation: HandshakeAllThreads
Event: 51.339 Executing VM operation: HandshakeAllThreads done
Event: 51.436 Executing VM operation: G1Concurrent
Event: 51.446 Executing VM operation: G1Concurrent done
Event: 51.518 Executing VM operation: G1Concurrent
Event: 51.521 Executing VM operation: G1Concurrent done
Event: 51.552 Executing VM operation: G1CollectForAllocation
Event: 51.570 Executing VM operation: G1CollectForAllocation done
Event: 51.979 Executing VM operation: G1CollectForAllocation

Events (20 events):
Event: 51.352 Thread 0x0000025f4f9e69e0 flushing nmethod 0x0000025f3506b310
Event: 51.352 Thread 0x0000025f4f9e69e0 flushing nmethod 0x0000025f35075510
Event: 51.352 Thread 0x0000025f4f9e69e0 flushing nmethod 0x0000025f35081590
Event: 51.352 Thread 0x0000025f4f9e69e0 flushing nmethod 0x0000025f350e3a90
Event: 51.352 Thread 0x0000025f4f9e69e0 flushing nmethod 0x0000025f35104490
Event: 51.353 Thread 0x0000025f4f9e69e0 flushing nmethod 0x0000025f351a6510
Event: 51.353 Thread 0x0000025f4f9e69e0 flushing nmethod 0x0000025f351b5390
Event: 51.353 Thread 0x0000025f4f9e69e0 flushing nmethod 0x0000025f351b7490
Event: 51.353 Thread 0x0000025f4f9e69e0 flushing nmethod 0x0000025f35237610
Event: 51.354 Thread 0x0000025f4f9e69e0 flushing nmethod 0x0000025f352b8b90
Event: 51.354 Thread 0x0000025f4f9e69e0 flushing nmethod 0x0000025f35314410
Event: 51.354 Thread 0x0000025f4f9e69e0 flushing nmethod 0x0000025f3532f390
Event: 51.355 Thread 0x0000025f4f9e69e0 flushing nmethod 0x0000025f3540b710
Event: 51.355 Thread 0x0000025f4f9e69e0 flushing nmethod 0x0000025f35424310
Event: 51.355 Thread 0x0000025f4f9e69e0 flushing nmethod 0x0000025f35427a90
Event: 51.355 Thread 0x0000025f4f9e69e0 flushing nmethod 0x0000025f3542e810
Event: 51.355 Thread 0x0000025f4f9e69e0 flushing nmethod 0x0000025f3545e290
Event: 51.355 Thread 0x0000025f4f9e69e0 flushing nmethod 0x0000025f3545f510
Event: 51.356 Thread 0x0000025f4f9e69e0 flushing nmethod 0x0000025f354aca10
Event: 51.356 Thread 0x0000025f4f9e69e0 flushing nmethod 0x0000025f354b8c90


Dynamic libraries:
0x00007ff6f4d00000 - 0x00007ff6f4d10000 	C:\Program Files\Java\jdk-17\bin\java.exe
0x00007ffc8e170000 - 0x00007ffc8e368000 	C:\Windows\SYSTEM32\ntdll.dll
0x00007ffc8cca0000 - 0x00007ffc8cd61000 	C:\Windows\System32\KERNEL32.DLL
0x00007ffc8bb20000 - 0x00007ffc8be1d000 	C:\Windows\System32\KERNELBASE.dll
0x00007ffc8bf40000 - 0x00007ffc8c040000 	C:\Windows\System32\ucrtbase.dll
0x00007ffc60bf0000 - 0x00007ffc60c09000 	C:\Program Files\Java\jdk-17\bin\jli.dll
0x00007ffc5b5c0000 - 0x00007ffc5b5db000 	C:\Program Files\Java\jdk-17\bin\VCRUNTIME140.dll
0x00007ffc8d330000 - 0x00007ffc8d3e0000 	C:\Windows\System32\ADVAPI32.dll
0x00007ffc8e090000 - 0x00007ffc8e12e000 	C:\Windows\System32\msvcrt.dll
0x00007ffc8dde0000 - 0x00007ffc8de80000 	C:\Windows\System32\sechost.dll
0x00007ffc8c9d0000 - 0x00007ffc8caf3000 	C:\Windows\System32\RPCRT4.dll
0x00007ffc8baf0000 - 0x00007ffc8bb17000 	C:\Windows\System32\bcrypt.dll
0x00007ffc8cb00000 - 0x00007ffc8cc9d000 	C:\Windows\System32\USER32.dll
0x00007ffc8ba10000 - 0x00007ffc8ba32000 	C:\Windows\System32\win32u.dll
0x00007ffc8cd70000 - 0x00007ffc8cd9b000 	C:\Windows\System32\GDI32.dll
0x00007ffc727f0000 - 0x00007ffc72a8a000 	C:\Windows\WinSxS\amd64_microsoft.windows.common-controls_6595b64144ccf1df_6.0.19041.4355_none_60b8b9eb71f62e16\COMCTL32.dll
0x00007ffc8be20000 - 0x00007ffc8bf37000 	C:\Windows\System32\gdi32full.dll
0x00007ffc8c0b0000 - 0x00007ffc8c14d000 	C:\Windows\System32\msvcp_win.dll
0x00007ffc824c0000 - 0x00007ffc824ca000 	C:\Windows\SYSTEM32\VERSION.dll
0x00007ffc8c9a0000 - 0x00007ffc8c9cf000 	C:\Windows\System32\IMM32.DLL
0x00007ffc6ced0000 - 0x00007ffc6cedc000 	C:\Program Files\Java\jdk-17\bin\vcruntime140_1.dll
0x00007ffc482d0000 - 0x00007ffc4835e000 	C:\Program Files\Java\jdk-17\bin\msvcp140.dll
0x00007ffc1e860000 - 0x00007ffc1f440000 	C:\Program Files\Java\jdk-17\bin\server\jvm.dll
0x00007ffc8d3e0000 - 0x00007ffc8d3e8000 	C:\Windows\System32\PSAPI.DLL
0x00007ffc6df50000 - 0x00007ffc6df59000 	C:\Windows\SYSTEM32\WSOCK32.dll
0x00007ffc8cda0000 - 0x00007ffc8ce0b000 	C:\Windows\System32\WS2_32.dll
0x00007ffc754f0000 - 0x00007ffc75517000 	C:\Windows\SYSTEM32\WINMM.dll
0x00007ffc8a090000 - 0x00007ffc8a0a2000 	C:\Windows\SYSTEM32\kernel.appcore.dll
0x00007ffc63bb0000 - 0x00007ffc63bba000 	C:\Program Files\Java\jdk-17\bin\jimage.dll
0x00007ffc89ba0000 - 0x00007ffc89d84000 	C:\Windows\SYSTEM32\DBGHELP.DLL
0x00007ffc67530000 - 0x00007ffc67564000 	C:\Windows\SYSTEM32\dbgcore.DLL
0x00007ffc8b820000 - 0x00007ffc8b8a2000 	C:\Windows\System32\bcryptPrimitives.dll
0x00007ffc5b4b0000 - 0x00007ffc5b4be000 	C:\Program Files\Java\jdk-17\bin\instrument.dll
0x00007ffc5ac20000 - 0x00007ffc5ac45000 	C:\Program Files\Java\jdk-17\bin\java.dll
0x00007ffc3d110000 - 0x00007ffc3d1e7000 	C:\Program Files\Java\jdk-17\bin\jsvml.dll
0x00007ffc8c230000 - 0x00007ffc8c99f000 	C:\Windows\System32\SHELL32.dll
0x00007ffc89320000 - 0x00007ffc89ac3000 	C:\Windows\SYSTEM32\windows.storage.dll
0x00007ffc8da80000 - 0x00007ffc8ddd3000 	C:\Windows\System32\combase.dll
0x00007ffc8b250000 - 0x00007ffc8b27e000 	C:\Windows\SYSTEM32\Wldp.dll
0x00007ffc8de80000 - 0x00007ffc8df4d000 	C:\Windows\System32\OLEAUT32.dll
0x00007ffc8d8f0000 - 0x00007ffc8d99d000 	C:\Windows\System32\SHCORE.dll
0x00007ffc8d2c0000 - 0x00007ffc8d315000 	C:\Windows\System32\shlwapi.dll
0x00007ffc8b750000 - 0x00007ffc8b774000 	C:\Windows\SYSTEM32\profapi.dll
0x00007ffc5a440000 - 0x00007ffc5a458000 	C:\Program Files\Java\jdk-17\bin\zip.dll
0x00007ffc5b450000 - 0x00007ffc5b469000 	C:\Program Files\Java\jdk-17\bin\net.dll
0x00007ffc83a60000 - 0x00007ffc83b6d000 	C:\Windows\SYSTEM32\WINHTTP.dll
0x00007ffc8afb0000 - 0x00007ffc8b01a000 	C:\Windows\system32\mswsock.dll
0x00007ffc5b410000 - 0x00007ffc5b426000 	C:\Program Files\Java\jdk-17\bin\nio.dll
0x00007ffc60b50000 - 0x00007ffc60b60000 	C:\Program Files\Java\jdk-17\bin\verify.dll
0x00007ffc5a250000 - 0x00007ffc5a277000 	C:\Users\CCCccc\.gradle\native\660c5614fbf4a5f2a75b1949f50a0caf5cd603558e7d8a26e50b933a0cfb79d1\windows-amd64\native-platform.dll
0x00007ffc48ff0000 - 0x00007ffc49067000 	C:\Users\CCCccc\.gradle\native\0.2.8\x86_64-windows-gnu\gradle-fileevents.dll
0x00007ffc63480000 - 0x00007ffc6348a000 	C:\Program Files\Java\jdk-17\bin\management.dll
0x00007ffc63340000 - 0x00007ffc6334b000 	C:\Program Files\Java\jdk-17\bin\management_ext.dll
0x00007ffc8ac40000 - 0x00007ffc8ac7b000 	C:\Windows\SYSTEM32\IPHLPAPI.DLL
0x00007ffc8d320000 - 0x00007ffc8d328000 	C:\Windows\System32\NSI.dll
0x00007ffc7faf0000 - 0x00007ffc7fb07000 	C:\Windows\SYSTEM32\dhcpcsvc6.DLL
0x00007ffc833b0000 - 0x00007ffc833cd000 	C:\Windows\SYSTEM32\dhcpcsvc.DLL
0x00007ffc8acd0000 - 0x00007ffc8ad9a000 	C:\Windows\SYSTEM32\DNSAPI.dll
0x00007ffc8b1b0000 - 0x00007ffc8b1c8000 	C:\Windows\SYSTEM32\CRYPTSP.dll
0x00007ffc8a860000 - 0x00007ffc8a894000 	C:\Windows\system32\rsaenh.dll
0x00007ffc8b710000 - 0x00007ffc8b73e000 	C:\Windows\SYSTEM32\USERENV.dll
0x00007ffc8b1a0000 - 0x00007ffc8b1ac000 	C:\Windows\SYSTEM32\CRYPTBASE.dll
0x00007ffc7c4a0000 - 0x00007ffc7c4ae000 	C:\Program Files\Java\jdk-17\bin\sunmscapi.dll
0x00007ffc8b8b0000 - 0x00007ffc8ba0c000 	C:\Windows\System32\CRYPT32.dll
0x00007ffc8b2c0000 - 0x00007ffc8b2e9000 	C:\Windows\SYSTEM32\ncrypt.dll
0x00007ffc8b280000 - 0x00007ffc8b2bb000 	C:\Windows\SYSTEM32\NTASN1.dll
0x00007ffc7c9d0000 - 0x00007ffc7c9d7000 	C:\Windows\system32\wshunix.dll

dbghelp: loaded successfully - version: 4.0.5 - missing functions: none
symbol engine: initialized successfully - sym options: 0x614 - pdb path: .;C:\Program Files\Java\jdk-17\bin;C:\Windows\SYSTEM32;C:\Windows\WinSxS\amd64_microsoft.windows.common-controls_6595b64144ccf1df_6.0.19041.4355_none_60b8b9eb71f62e16;C:\Program Files\Java\jdk-17\bin\server;C:\Users\CCCccc\.gradle\native\660c5614fbf4a5f2a75b1949f50a0caf5cd603558e7d8a26e50b933a0cfb79d1\windows-amd64;C:\Users\CCCccc\.gradle\native\0.2.8\x86_64-windows-gnu

VM Arguments:
jvm_args: --add-opens=java.base/java.lang=ALL-UNNAMED --add-opens=java.base/java.lang.invoke=ALL-UNNAMED --add-opens=java.base/java.util=ALL-UNNAMED --add-opens=java.prefs/java.util.prefs=ALL-UNNAMED --add-exports=jdk.compiler/com.sun.tools.javac.api=ALL-UNNAMED --add-exports=jdk.compiler/com.sun.tools.javac.util=ALL-UNNAMED --add-opens=java.base/java.util=ALL-UNNAMED --add-opens=java.prefs/java.util.prefs=ALL-UNNAMED --add-opens=java.base/java.nio.charset=ALL-UNNAMED --add-opens=java.base/java.net=ALL-UNNAMED --add-opens=java.base/java.util.concurrent=ALL-UNNAMED --add-opens=java.base/java.util.concurrent.atomic=ALL-UNNAMED --add-opens=java.xml/javax.xml.namespace=ALL-UNNAMED --add-opens=java.base/java.time=ALL-UNNAMED -Xmx4g -Dfile.encoding=UTF-8 -Duser.country=CN -Duser.language=zh -Duser.variant -javaagent:C:\Users\CCCccc\.gradle\wrapper\dists\gradle-9.3.1-bin\23ovyewtku6u96viwx3xl3oks\gradle-9.3.1\lib\agents\gradle-instrumentation-agent-9.3.1.jar 
java_command: org.gradle.launcher.daemon.bootstrap.GradleDaemon 9.3.1
java_class_path (initial): C:\Users\CCCccc\.gradle\wrapper\dists\gradle-9.3.1-bin\23ovyewtku6u96viwx3xl3oks\gradle-9.3.1\lib\gradle-daemon-main-9.3.1.jar
Launcher Type: SUN_STANDARD

[Global flags]
     intx CICompilerCount                          = 4                                         {product} {ergonomic}
     uint ConcGCThreads                            = 2                                         {product} {ergonomic}
     uint G1ConcRefinementThreads                  = 8                                         {product} {ergonomic}
   size_t G1HeapRegionSize                         = 2097152                                   {product} {ergonomic}
    uintx GCDrainStackTargetSize                   = 64                                        {product} {ergonomic}
   size_t InitialHeapSize                          = 132120576                                 {product} {ergonomic}
   size_t MarkStackSize                            = 4194304                                   {product} {ergonomic}
   size_t MaxHeapSize                              = 4294967296                                {product} {command line}
   size_t MaxNewSize                               = 2575302656                                {product} {ergonomic}
   size_t MinHeapDeltaBytes                        = 2097152                                   {product} {ergonomic}
   size_t MinHeapSize                              = 8388608                                   {product} {ergonomic}
    uintx NonNMethodCodeHeapSize                   = 5839372                                {pd product} {ergonomic}
    uintx NonProfiledCodeHeapSize                  = 122909434                              {pd product} {ergonomic}
    uintx ProfiledCodeHeapSize                     = 122909434                              {pd product} {ergonomic}
    uintx ReservedCodeCacheSize                    = 251658240                              {pd product} {ergonomic}
     bool SegmentedCodeCache                       = true                                      {product} {ergonomic}
   size_t SoftMaxHeapSize                          = 4294967296                             {manageable} {ergonomic}
     bool UseCompressedClassPointers               = true                           {product lp64_product} {ergonomic}
     bool UseCompressedOops                        = true                           {product lp64_product} {ergonomic}
     bool UseG1GC                                  = true                                      {product} {ergonomic}
     bool UseLargePagesIndividualAllocation        = false                                  {pd product} {ergonomic}

Logging:
Log output configuration:
 #0: stdout all=warning uptime,level,tags
 #1: stderr all=off uptime,level,tags

Environment Variables:
PATH=C:\Program Files\Common Files\Oracle\Java\javapath;C:\Program Files (x86)\Common Files\Oracle\Java\java8path;C:\Program Files (x86)\Common Files\Oracle\Java\javapath;C:\Windows\system32;C:\Windows;C:\Windows\System32\Wbem;C:\Windows\System32\WindowsPowerShell\v1.0\;C:\Windows\System32\OpenSSH\;C:\Program Files\Bandizip\;C:\Program Files\dotnet\;C:\Program Files\NVIDIA Corporation\NVIDIA App\NvDLISR;C:\Program Files (x86)\NVIDIA Corporation\PhysX\Common;C:\Program Files\PuTTY\;D:\HAM\rtl-sdr;C:\Users\CCCccc\AppData\Local\Programs\Python\Python312\Scripts\;C:\Users\CCCccc\AppData\Local\Programs\Python\Python312\;C:\Users\CCCccc\AppData\Local\Programs\Python\Launcher\;C:\Users\CCCccc\AppData\Local\Microsoft\WindowsApps;C:\Program Files\platform-tools;C:\Program Files\Java\jdk-17
USERNAME=CCCccc
OS=Windows_NT
PROCESSOR_IDENTIFIER=Intel64 Family 6 Model 142 Stepping 12, GenuineIntel



---------------  S Y S T E M  ---------------

OS:
 Windows 10 , 64 bit Build 19041 (10.0.19041.4842)
OS uptime: 0 days 23:32 hours

CPU: total 8 (initial active 8) (4 cores per cpu, 2 threads per core) family 6 model 142 stepping 12 microcode 0xca, cx8, cmov, fxsr, ht, mmx, 3dnowpref, sse, sse2, sse3, ssse3, sse4.1, sse4.2, popcnt, lzcnt, tsc, tscinvbit, avx, avx2, aes, erms, clmul, bmi1, bmi2, adx, fma, vzeroupper, clflush, clflushopt

Memory: 4k page, system-wide physical 8013M (1059M free)
TotalPageFile size 20301M (AvailPageFile size 106M)
current process WorkingSet (physical memory assigned to process): 496M, peak: 496M
current process commit charge ("private bytes"): 543M, peak: 748M

vm_info: Java HotSpot(TM) 64-Bit Server VM (17.0.12+8-LTS-286) for windows-amd64 JRE (17.0.12+8-LTS-286), built on Jun  5 2024 06:46:59 by "mach5one" with MS VC++ 17.6 (VS2022)

END.
